wallet.log ::1